$ jshell
|  Welcome to JShell -- Version 9
|  For an introduction type: /help intro

jshell> /edit
|  created class InvalidAmountException
|  created class InvalidOperationException
|  created class Account

jshell> Account account1 = new Account(new BigDecimal("600.50"));
account1 ==> Account@4dfa3a9d

jshell> Account account2 = new Account(new BigDecimal("100"));
account2 ==> Account@464bee09

jshell> account1.transfer(account2, new BigDecimal("150"));

jshell> account1.getAmount();
$7 ==> 450.50

jshell> account2.getAmount();
$8 ==> 250

jshell> account1.transfer(account2, new BigDecimal("-150"));
|  REPL.$JShell$11$InvalidAmountException thrown: Negative amount is invalid
|        at Account.checkIsPositiveAmount (#3:40)
|        at Account.transfer (#3:12)
|        at (#9:1)

jshell> account1.transfer(account2, new BigDecimal("1050"));
|  REPL.$JShell$12$InvalidOperationException thrown: No enough amount to do transfer
|        at Account.transfer (#3:15)
|        at (#10:1)

jshell>